../Core/Src/main.c:140:6:C6gen	32	static
../Core/Src/main.c:160:6:enqueueValue	24	static
../Core/Src/main.c:171:6:dequeueValue	24	static
../Core/Src/main.c:183:6:isQueueFull	16	static
../Core/Src/main.c:186:6:isQueueEmpty	16	static
../Core/Src/main.c:189:6:isRisingTrend	112	static
../Core/Src/main.c:199:6:isFallingTrend	112	static
../Core/Src/main.c:210:6:isFluctuatingTrend	120	static
../Core/Src/main.c:222:6:raiseAlarm	16	static
../Core/Src/main.c:228:7:calculateCovariance	32	static
../Core/Src/main.c:252:5:main	128	static
../Core/Src/main.c:346:6:SystemClock_Config	96	static
../Core/Src/main.c:397:13:MX_DAC1_Init	48	static
../Core/Src/main.c:441:13:MX_I2C2_Init	8	static
../Core/Src/main.c:489:13:MX_TIM2_Init	40	static
../Core/Src/main.c:534:13:MX_USART1_UART_Init	8	static
../Core/Src/main.c:580:13:MX_DMA_Init	16	static
../Core/Src/main.c:599:13:MX_GPIO_Init	40	static
../Core/Src/main.c:627:6:HAL_GPIO_EXTI_Callback	16	static
../Core/Src/main.c:644:6:SensorReadTask	32	static
../Core/Src/main.c:676:6:EnqueueDataTask	16	static
../Core/Src/main.c:700:6:HandleAnomalyTask	32	static
../Core/Src/main.c:761:6:ProcessingDataTask	16	static
../Core/Src/main.c:776:6:Error_Handler	4	static,ignoring_inline_asm
